// Jest Snapshot v1, https://goo.gl/fbAQLP

exports[`snapshot 1`] = `
<View
  style={
    Object {
      "backgroundColor": "#F6F6EF",
      "flex": 1,
    }
  }
>
  <View
    style={
      Object {
        "alignItems": "center",
        "backgroundColor": "#FF6600",
        "flexDirection": "row",
        "height": 50,
        "justifyContent": "flex-start",
      }
    }
  >
    <Image
      source={
        Object {
          "process": [Function],
        }
      }
      style={
        Object {
          "borderColor": "#FFFFFF",
          "borderWidth": 1,
          "height": 40,
          "marginHorizontal": 10,
          "width": 40,
        }
      }
    />
    <Text
      style={
        Object {
          "color": "#000000",
          "fontSize": 30,
          "fontWeight": "bold",
        }
      }
    >
      Hacker News
    </Text>
  </View>
  <View
    style={
      Object {
        "alignItems": "center",
        "flex": 1,
        "justifyContent": "center",
      }
    }
  >
    <RCTScrollView
      data={Array []}
      getItem={[Function]}
      getItemCount={[Function]}
      keyExtractor={[Function]}
      onContentSizeChange={[Function]}
      onLayout={[Function]}
      onMomentumScrollBegin={[Function]}
      onMomentumScrollEnd={[Function]}
      onScroll={[Function]}
      onScrollBeginDrag={[Function]}
      onScrollEndDrag={[Function]}
      removeClippedSubviews={false}
      renderItem={[Function]}
      scrollEventThrottle={50}
      stickyHeaderIndices={Array []}
      viewabilityConfigCallbackPairs={Array []}
    >
      <View />
    </RCTScrollView>
  </View>
</View>
`;
